// Vitest Snapshot v1, https://vitest.dev/guide/snapshot.html

exports[`generateDeployManifest > should generate a deploy manifest 1`] = `
"{
  "version": 1,
  "framework": {
    "name": "react-router",
    "version": "7.2.0"
  },
  "routes": [
    {
      "path": "/assets/*",
      "target": {
        "kind": "Static"
      }
    },
    {
      "path": "/*.*",
      "target": {
        "kind": "Static"
      },
      "fallback": {
        "kind": "Compute",
        "src": "default"
      }
    },
    {
      "path": "/*",
      "target": {
        "kind": "Compute",
        "src": "default"
      }
    }
  ],
  "computeResources": [
    {
      "name": "default",
      "runtime": "nodejs20.x",
      "entrypoint": "server.mjs"
    }
  ]
}"
`;
